--------------------------------------------------------------------------------------
Timing Analyzer Summary
--------------------------------------------------------------------------------------

Type           : Worst-case tco
Slack          : N/A
Required Time  : None
Actual Time    : 20.106 ns
From           : lpm_counter6:inst12|lpm_counter:lpm_counter_component|cntr_6ri:auto_generated|safe_q[1]
To             : bus[3]
From Clock     : clk
To Clock       : --
Failed Paths   : 0

Type           : Clock Setup: 'clk'
Slack          : N/A
Required Time  : None
Actual Time    : 63.87 MHz ( period = 15.657 ns )
From           : master4:inst5|lpm_counter7:inst5|lpm_counter:lpm_counter_component|cntr_q3i:auto_generated|safe_q[1]
To             : master4:inst5|inst9
From Clock     : clk
To Clock       : clk
Failed Paths   : 0

Type           : Clock Hold: 'clk'
Slack          : Not operational: Clock Skew > Data Delay
Required Time  : None
Actual Time    : N/A
From           : lpm_counter7:inst6|lpm_counter:lpm_counter_component|cntr_q3i:auto_generated|safe_q[0]
To             : inst9
From Clock     : clk
To Clock       : clk
Failed Paths   : 34

Type           : Total number of failed paths
Slack          : 
Required Time  : 
Actual Time    : 
From           : 
To             : 
From Clock     : 
To Clock       : 
Failed Paths   : 34

--------------------------------------------------------------------------------------

